PL/M-80 COMPILER                                                                                                PAGE   1


ISIS-II PL/M-80 V4.0 COMPILATION OF MODULE MAIN
OBJECT MODULE PLACED IN :F0:LOCADR.OBJ
COMPILER INVOKED BY:  PLM80 :F0:LOCADR.PLM DEBUG XREF



   1          MAIN: DO;
   2   1      DECLARE OBJ BYTE;
   3   1      P: PROCEDURE;
   4   2      DECLARE LOCAL ADDRESS;
   5   2      LOCAL = .OBJ;
   6   2      RETURN;
   7   2      END P;
   8   1      CALL P;
   9   1      END MAIN;
PL/M-80 COMPILER                                                                                                PAGE   2


CROSS-REFERENCE LISTING
-----------------------


   DEFN  ADDR  SIZE  NAME, ATTRIBUTES, AND REFERENCES
  ----- ----- -----  --------------------------------


      4 0001H     2  LOCAL . . ADDRESS:  5

      1 0000H     8  MAIN. . . PROCEDURE STACK=0002H
        0000H        MEMORY. . BYTE ARRAY(0)

      2 0000H     1  OBJ . . . BYTE:  5

      3 0008H     7  P . . . . PROCEDURE STACK=0000H:  8



MODULE INFORMATION:

     CODE AREA SIZE     = 000FH     15D
     VARIABLE AREA SIZE = 0003H      3D
     MAXIMUM STACK SIZE = 0002H      2D
     9 LINES READ
     0 PROGRAM ERRORS

END OF PL/M-80 COMPILATION
