PL/M-80 COMPILER                                                                                                PAGE   1


ISIS-II PL/M-80 V4.0 COMPILATION OF MODULE MAIN
OBJECT MODULE PLACED IN :F0:MICRO.OBJ
COMPILER INVOKED BY:  PLM80 :F0:MICRO.PLM DEBUG XREF



   1          MAIN: DO;
   2   1      P: PROCEDURE;
   3   2      RETURN;
   4   2      END P;
   5   1      CALL P;
   6   1      END MAIN;
PL/M-80 COMPILER                                                                                                PAGE   2


CROSS-REFERENCE LISTING
-----------------------


   DEFN  ADDR  SIZE  NAME, ATTRIBUTES, AND REFERENCES
  ----- ----- -----  --------------------------------


      1 0000H     8  MAIN. . . PROCEDURE STACK=0002H
        0000H        MEMORY. . BYTE ARRAY(0)

      2 0008H     1  P . . . . PROCEDURE STACK=0000H:  5



MODULE INFORMATION:

     CODE AREA SIZE     = 0009H      9D
     VARIABLE AREA SIZE = 0000H      0D
     MAXIMUM STACK SIZE = 0002H      2D
     6 LINES READ
     0 PROGRAM ERRORS

END OF PL/M-80 COMPILATION
